// Jest Snapshot v1, https://goo.gl/fbAQLP

exports[`Cloudfront Stack Created 1`] = `
{
  "Parameters": {
    "BootstrapVersion": {
      "Default": "/cdk-bootstrap/hnb659fds/version",
      "Description": "Version of the CDK Bootstrap resources in this environment, automatically retrieved from SSM Parameter Store. [cdk:skip]",
      "Type": "AWS::SSM::Parameter::Value<String>",
    },
  },
  "Resources": {
    "CfnWebACL": {
      "Properties": {
        "CustomResponseBodies": {
          "disable-action": {
            "Content": "<div>error: access denied</div>",
            "ContentType": "TEXT_HTML",
          },
        },
        "DefaultAction": {
          "Allow": {},
        },
        "Description": "Web ACL for staging-decidim-cloudfront",
        "Name": "staging-decidim-webAcl",
        "Rules": [
          {
            "Name": "staging-decidim-AWSManagedRulesCommonRuleSet",
            "OverrideAction": {
              "None": {},
            },
            "Priority": 1,
            "Statement": {
              "ManagedRuleGroupStatement": {
                "ExcludedRules": [
                  {
                    "Name": "CrossSiteScripting_BODY",
                  },
                  {
                    "Name": "SizeRestrictions_BODY",
                  },
                  {
                    "Name": "GenericRFI_BODY",
                  },
                ],
                "Name": "AWSManagedRulesCommonRuleSet",
                "VendorName": "AWS",
              },
            },
            "VisibilityConfig": {
              "CloudWatchMetricsEnabled": true,
              "MetricName": "staging-decidim-AWSManagedRulesCommonRuleSet",
              "SampledRequestsEnabled": true,
            },
          },
          {
            "Name": "staging-decidim-AWSManagedRulesKnownBadInputsRuleSet",
            "OverrideAction": {
              "None": {},
            },
            "Priority": 2,
            "Statement": {
              "ManagedRuleGroupStatement": {
                "Name": "AWSManagedRulesKnownBadInputsRuleSet",
                "VendorName": "AWS",
              },
            },
            "VisibilityConfig": {
              "CloudWatchMetricsEnabled": true,
              "MetricName": "staging-decidim-AWSManagedRulesKnownBadInputsRuleSet",
              "SampledRequestsEnabled": true,
            },
          },
          {
            "Name": "staging-decidim-AWSManagedRulesAmazonIpReputationList",
            "OverrideAction": {
              "None": {},
            },
            "Priority": 3,
            "Statement": {
              "ManagedRuleGroupStatement": {
                "Name": "AWSManagedRulesAmazonIpReputationList",
                "VendorName": "AWS",
              },
            },
            "VisibilityConfig": {
              "CloudWatchMetricsEnabled": true,
              "MetricName": "staging-decidim-AWSManagedRulesAmazonIpReputationList",
              "SampledRequestsEnabled": true,
            },
          },
          {
            "Name": "staging-decidim-AWSManagedRulesLinuxRuleSet",
            "OverrideAction": {
              "None": {},
            },
            "Priority": 4,
            "Statement": {
              "ManagedRuleGroupStatement": {
                "Name": "AWSManagedRulesLinuxRuleSet",
                "VendorName": "AWS",
              },
            },
            "VisibilityConfig": {
              "CloudWatchMetricsEnabled": true,
              "MetricName": "staging-decidim-AWSManagedRulesLinuxRuleSet",
              "SampledRequestsEnabled": true,
            },
          },
          {
            "Name": "staging-decidim-AWSManagedRulesSQLiRuleSet",
            "OverrideAction": {
              "None": {},
            },
            "Priority": 5,
            "Statement": {
              "ManagedRuleGroupStatement": {
                "ExcludedRules": [
                  {
                    "Name": "SQLi_BODY",
                  },
                ],
                "Name": "AWSManagedRulesSQLiRuleSet",
                "VendorName": "AWS",
              },
            },
            "VisibilityConfig": {
              "CloudWatchMetricsEnabled": true,
              "MetricName": "staging-decidim-AWSManagedRulesSQLiRuleSet",
              "SampledRequestsEnabled": true,
            },
          },
          {
            "Action": {
              "Allow": {},
            },
            "Name": "staging-decidim-AllowSystemLogin",
            "Priority": 6,
            "Statement": {
              "AndStatement": {
                "Statements": [
                  {
                    "ByteMatchStatement": {
                      "FieldToMatch": {
                        "SingleHeader": {
                          "name": "host",
                        },
                      },
                      "PositionalConstraint": "EXACTLY",
                      "SearchString": "staging-decidim-alb-origin",
                      "TextTransformations": [
                        {
                          "Priority": 0,
                          "Type": "LOWERCASE",
                        },
                      ],
                    },
                  },
                  {
                    "ByteMatchStatement": {
                      "FieldToMatch": {
                        "UriPath": {},
                      },
                      "PositionalConstraint": "CONTAINS",
                      "SearchString": "system/admins/sign_in",
                      "TextTransformations": [
                        {
                          "Priority": 0,
                          "Type": "LOWERCASE",
                        },
                      ],
                    },
                  },
                ],
              },
            },
            "VisibilityConfig": {
              "CloudWatchMetricsEnabled": true,
              "MetricName": "staging-decidim-AllowSystemLogin",
              "SampledRequestsEnabled": true,
            },
          },
          {
            "Name": "staging-decidim-BlockAllBots",
            "OverrideAction": {
              "None": {},
            },
            "Priority": 7,
            "Statement": {
              "ManagedRuleGroupStatement": {
                "ManagedRuleGroupConfigs": [
                  {
                    "AWSManagedRulesBotControlRuleSet": {
                      "EnableMachineLearning": true,
                      "InspectionLevel": "TARGETED",
                    },
                  },
                ],
                "Name": "AWSManagedRulesBotControlRuleSet",
                "VendorName": "AWS",
              },
            },
            "VisibilityConfig": {
              "CloudWatchMetricsEnabled": true,
              "MetricName": "staging-decidim-BlockAllBots",
              "SampledRequestsEnabled": true,
            },
          },
          {
            "Action": {
              "Block": {
                "CustomResponse": {
                  "CustomResponseBodyKey": "disable-action",
                  "ResponseCode": 403,
                },
              },
            },
            "Name": "staging-decidim-SystemLoginBlock",
            "Priority": 8,
            "Statement": {
              "ByteMatchStatement": {
                "FieldToMatch": {
                  "UriPath": {},
                },
                "PositionalConstraint": "CONTAINS",
                "SearchString": "system/admins/sign_in",
                "TextTransformations": [
                  {
                    "Priority": 0,
                    "Type": "LOWERCASE",
                  },
                ],
              },
            },
            "VisibilityConfig": {
              "CloudWatchMetricsEnabled": true,
              "MetricName": "staging-decidim-AllowSystemLogin",
              "SampledRequestsEnabled": true,
            },
          },
        ],
        "Scope": "CLOUDFRONT",
        "VisibilityConfig": {
          "CloudWatchMetricsEnabled": true,
          "MetricName": "staging-decidim-webAcl-metrics",
          "SampledRequestsEnabled": true,
        },
      },
      "Type": "AWS::WAFv2::WebACL",
    },
    "Distribution830FAC52": {
      "Properties": {
        "DistributionConfig": {
          "Aliases": [
            "staging-decidim-alb-origin.diycities.jp",
          ],
          "CacheBehaviors": [
            {
              "AllowedMethods": [
                "GET",
                "HEAD",
                "OPTIONS",
              ],
              "CachePolicyId": "658327ea-f89d-4fab-a63d-7e88639e58f6",
              "Compress": true,
              "PathPattern": "decidim-packs/*",
              "TargetOriginId": "stagingdecidimCloudFrontStackDistributionOrigin1E886134A",
              "ViewerProtocolPolicy": "redirect-to-https",
            },
          ],
          "Comment": "staging-decidim-cloudfront",
          "DefaultCacheBehavior": {
            "AllowedMethods": [
              "GET",
              "HEAD",
              "OPTIONS",
              "PUT",
              "PATCH",
              "POST",
              "DELETE",
            ],
            "CachePolicyId": "4135ea2d-6df8-44a3-9df3-4b5a84be39ad",
            "Compress": true,
            "OriginRequestPolicyId": "216adef6-5c7f-47e4-b989-5492eafa07d3",
            "TargetOriginId": "stagingdecidimCloudFrontStackDistributionOrigin1E886134A",
            "ViewerProtocolPolicy": "redirect-to-https",
          },
          "Enabled": true,
          "HttpVersion": "http2",
          "IPV6Enabled": true,
          "Origins": [
            {
              "CustomOriginConfig": {
                "OriginProtocolPolicy": "https-only",
                "OriginSSLProtocols": [
                  "TLSv1.2",
                ],
              },
              "DomainName": "staging-decidim-alb-origin.diycities.jp",
              "Id": "stagingdecidimCloudFrontStackDistributionOrigin1E886134A",
            },
          ],
          "PriceClass": "PriceClass_All",
          "ViewerCertificate": {
            "AcmCertificateArn": "arn:aws:acm:us-east-1:887442827229:certificate/8aec1d57-e068-47f3-a180-e0c1fbb782de",
            "MinimumProtocolVersion": "TLSv1.2_2021",
            "SslSupportMethod": "sni-only",
          },
          "WebACLId": {
            "Fn::GetAtt": [
              "CfnWebACL",
              "Arn",
            ],
          },
        },
      },
      "Type": "AWS::CloudFront::Distribution",
    },
  },
  "Rules": {
    "CheckBootstrapVersion": {
      "Assertions": [
        {
          "Assert": {
            "Fn::Not": [
              {
                "Fn::Contains": [
                  [
                    "1",
                    "2",
                    "3",
                    "4",
                    "5",
                  ],
                  {
                    "Ref": "BootstrapVersion",
                  },
                ],
              },
            ],
          },
          "AssertDescription": "CDK bootstrap stack version 6 required. Please run 'cdk bootstrap' with a recent version of the CDK CLI.",
        },
      ],
    },
  },
}
`;
